// Jest Snapshot v1, https://goo.gl/fbAQLP

exports[`Empty state renders correctly 1`] = `
<View
  style={
    Object {
      "alignItems": "center",
      "flex": 1,
      "flexDirection": "column",
      "height": 1164,
      "justifyContent": "center",
    }
  }
>
  <Text
    style={
      Object {
        "color": "black",
        "fontFamily": "poppins-semi-bold",
        "fontSize": 25,
        "textAlign": "center",
      }
    }
  >
    No internet connection
  </Text>
  <Text
    style={
      Object {
        "color": "#808080",
        "fontFamily": "poppins-regular",
        "fontSize": 13,
        "marginTop": 30,
        "textAlign": "center",
      }
    }
  >
    Please check your connection settings
  </Text>
  <Image
    source={1}
    style={
      Object {
        "height": 150,
        "marginBottom": 100,
        "marginTop": 100,
        "resizeMode": "contain",
        "width": "80%",
      }
    }
  />
  <View
    style={
      Object {
        "bottom": 40,
        "position": "absolute",
        "width": "100%",
      }
    }
  >
    <RNGestureHandlerButton
      collapsable={false}
      onGestureEvent={[Function]}
      onGestureHandlerEvent={[Function]}
      onGestureHandlerStateChange={[Function]}
      onHandlerStateChange={[Function]}
      rippleColor={0}
      style={
        Array [
          Object {
            "overflow": "hidden",
          },
          undefined,
        ]
      }
    >
      <View
        accessible={true}
        style={
          Object {
            "opacity": 1,
          }
        }
      >
        <View
          style={
            Object {
              "alignItems": "center",
              "backgroundColor": "black",
              "borderRadius": 25,
              "display": "flex",
              "height": 50,
              "justifyContent": "center",
              "marginLeft": "auto",
              "marginRight": "auto",
              "width": "80%",
            }
          }
        >
          <View
            style={
              Object {
                "alignItems": "center",
                "flexDirection": "row",
                "justifyContent": "center",
              }
            }
          >
            <View
              style={
                Object {
                  "marginLeft": 10,
                  "marginRight": 10,
                }
              }
            >
              <Text
                style={
                  Object {
                    "color": "white",
                    "fontFamily": "poppins-medium",
                    "fontSize": 15,
                  }
                }
              >
                Internet Settings
              </Text>
            </View>
          </View>
        </View>
      </View>
    </RNGestureHandlerButton>
  </View>
</View>
`;
